../Core/Src/main.c:111:6:MPU6050_Init	32	static
../Core/Src/main.c:129:6:MPU6050_READ_ACC	32	static
../Core/Src/main.c:144:6:MPU6050_READ_GR	32	static
../Core/Src/main.c:163:6:read_calliberation_data	48	static
../Core/Src/main.c:185:10:Get_UTemp	32	static
../Core/Src/main.c:195:7:BMP180_GetTemp	24	static
../Core/Src/main.c:207:10:Get_UPress	40	static
../Core/Src/main.c:232:7:BMP180_GetPress	32	static
../Core/Src/main.c:260:7:BMP180_GetAlt	24	static
../Core/Src/main.c:268:6:bolocmpu	16	static
../Core/Src/main.c:314:5:main	104	static
../Core/Src/main.c:406:6:SystemClock_Config	88	static
../Core/Src/main.c:452:13:MX_I2C1_Init	8	static
../Core/Src/main.c:486:13:MX_USART2_UART_Init	8	static
../Core/Src/main.c:519:13:MX_GPIO_Init	48	static
../Core/Src/main.c:549:6:Error_Handler	4	static,ignoring_inline_asm
